// Jest Snapshot v1, https://goo.gl/fbAQLP

exports[`Header Component Header Component Renders 1`] = `
<tr
  className="store-header-wrapper"
>
  <td>
    Store Visits
  </td>
</tr>
`;
